// Jest Snapshot v1, https://goo.gl/fbAQLP

exports[`ReactDOMLite should render 1`] = `
<div>
  <div />
</div>
`;
